2026-01-13 17:20:53.030 [main] INFO  com.bpi.m4act6.BankAccount - Deposit requested: ₱5000.0
2026-01-13 17:20:53.037 [main] INFO  com.bpi.m4act6.BankAccount - Deposit completed: ₱5000.0, New balance: ₱15000.0
2026-01-13 17:20:53.037 [main] INFO  com.bpi.m4act6.BankAccount - Withdrawal requested: ₱3000.0
2026-01-13 17:20:53.039 [main] INFO  com.bpi.m4act6.BankAccount - Withdrawal completed: ₱3000.0, New balance: ₱12000.0
2026-01-13 17:20:53.039 [main] INFO  com.bpi.m4act6.BankAccount - Deposit requested: ₱-500.0
2026-01-13 17:20:53.039 [main] ERROR com.bpi.m4act6.BankAccount - Invalid deposit amount: ₱-500.0
2026-01-13 17:20:53.039 [main] ERROR com.bpi.m4act6.BankAccount - Deposit failed: Deposit amount must be positive
com.bpi.m4act6.InvalidAmountException: Deposit amount must be positive
	at HelloWord/com.bpi.m4act6.BankAccount.deposit(BankAccount.java:69)
	at HelloWord/com.bpi.m4act6.BankAccount.lambda$2(BankAccount.java:96)
	at HelloWord/com.bpi.m4act6.BankAccount.runTest(BankAccount.java:82)
	at HelloWord/com.bpi.m4act6.BankAccount.main(BankAccount.java:96)
2026-01-13 17:20:53.043 [main] INFO  com.bpi.m4act6.BankAccount - Withdrawal requested: ₱20000.0
2026-01-13 17:20:53.043 [main] WARN  com.bpi.m4act6.BankAccount - Insufficient funds: ₱12000.0 available
2026-01-13 17:20:53.044 [main] ERROR com.bpi.m4act6.BankAccount - Withdrawal failed: Insufficient funds for withdrawal
com.bpi.m4act6.InsufficientFundsException: Insufficient funds for withdrawal
	at HelloWord/com.bpi.m4act6.BankAccount.withdraw(BankAccount.java:56)
	at HelloWord/com.bpi.m4act6.BankAccount.lambda$3(BankAccount.java:97)
	at HelloWord/com.bpi.m4act6.BankAccount.runTest(BankAccount.java:82)
	at HelloWord/com.bpi.m4act6.BankAccount.main(BankAccount.java:97)
2026-01-13 17:20:53.044 [main] INFO  com.bpi.m4act6.BankAccount - Deposit requested: ₱60000.0
2026-01-13 17:20:53.044 [main] WARN  com.bpi.m4act6.BankAccount - Large deposit: ₱60000.0 - requires verification
2026-01-13 17:20:53.044 [main] INFO  com.bpi.m4act6.BankAccount - Deposit completed: ₱60000.0, New balance: ₱72000.0
2026-01-13 17:52:23.159 [main] INFO  com.bpi.m4act6.BankAccount - Deposit requested: ₱5000.0
2026-01-13 17:52:23.163 [main] INFO  com.bpi.m4act6.BankAccount - Deposit completed: ₱5000.0, New balance: ₱15000.0
2026-01-13 17:52:23.164 [main] INFO  com.bpi.m4act6.BankAccount - Withdrawal requested: ₱3000.0
2026-01-13 17:52:23.164 [main] INFO  com.bpi.m4act6.BankAccount - Withdrawal completed: ₱3000.0, New balance: ₱12000.0
2026-01-13 17:52:23.164 [main] INFO  com.bpi.m4act6.BankAccount - Deposit requested: ₱-500.0
2026-01-13 17:52:23.165 [main] ERROR com.bpi.m4act6.BankAccount - Invalid deposit amount: ₱-500.0
2026-01-13 17:52:23.165 [main] ERROR com.bpi.m4act6.BankAccount - Deposit failed: Deposit amount must be positive
com.bpi.m4act6.InvalidAmountException: Deposit amount must be positive
	at HelloWord/com.bpi.m4act6.BankAccount.deposit(BankAccount.java:69)
	at HelloWord/com.bpi.m4act6.BankAccount.lambda$2(BankAccount.java:96)
	at HelloWord/com.bpi.m4act6.BankAccount.runTest(BankAccount.java:82)
	at HelloWord/com.bpi.m4act6.BankAccount.main(BankAccount.java:96)
2026-01-13 17:52:23.167 [main] INFO  com.bpi.m4act6.BankAccount - Withdrawal requested: ₱20000.0
2026-01-13 17:52:23.168 [main] WARN  com.bpi.m4act6.BankAccount - Insufficient funds: ₱12000.0 available
2026-01-13 17:52:23.168 [main] ERROR com.bpi.m4act6.BankAccount - Withdrawal failed: Insufficient funds for withdrawal
com.bpi.m4act6.InsufficientFundsException: Insufficient funds for withdrawal
	at HelloWord/com.bpi.m4act6.BankAccount.withdraw(BankAccount.java:56)
	at HelloWord/com.bpi.m4act6.BankAccount.lambda$3(BankAccount.java:97)
	at HelloWord/com.bpi.m4act6.BankAccount.runTest(BankAccount.java:82)
	at HelloWord/com.bpi.m4act6.BankAccount.main(BankAccount.java:97)
2026-01-13 17:52:23.168 [main] INFO  com.bpi.m4act6.BankAccount - Deposit requested: ₱60000.0
2026-01-13 17:52:23.168 [main] WARN  com.bpi.m4act6.BankAccount - Large deposit: ₱60000.0 - requires verification
2026-01-13 17:52:23.168 [main] INFO  com.bpi.m4act6.BankAccount - Deposit completed: ₱60000.0, New balance: ₱72000.0
2026-01-13 17:52:43.992 [main] INFO  com.bpi.m4act7.BankAccount - Deposit requested: ₱5000.0
2026-01-13 17:52:43.997 [main] INFO  com.bpi.m4act7.BankAccount - Deposit completed: ₱5000.0, New balance: ₱15000.0
2026-01-13 17:52:43.998 [main] INFO  com.bpi.m4act7.BankAccount - Deposit succeeded.
2026-01-13 17:52:43.999 [main] INFO  com.bpi.m4act7.BankAccount - Withdrawal requested: ₱3000.0
2026-01-13 17:52:44.000 [main] INFO  com.bpi.m4act7.BankAccount - Withdrawal completed: ₱3000.0, New balance: ₱12000.0
2026-01-13 17:52:44.000 [main] INFO  com.bpi.m4act7.BankAccount - Withdrawal succeeded.
2026-01-13 17:52:44.000 [main] INFO  com.bpi.m4act7.BankAccount - Deposit requested: ₱-500.0
2026-01-13 17:52:44.001 [main] ERROR com.bpi.m4act7.BankAccount - Invalid deposit amount: ₱-500.0
2026-01-13 17:52:44.001 [main] ERROR com.bpi.m4act7.BankAccount - Deposit failed: Deposit amount must be positive
com.bpi.m4act7.InvalidAmountException: Deposit amount must be positive
	at HelloWord/com.bpi.m4act7.BankAccount.deposit(BankAccount.java:74)
	at HelloWord/com.bpi.m4act7.BankAccount.lambda$2(BankAccount.java:102)
	at HelloWord/com.bpi.m4act7.BankAccount.runTest(BankAccount.java:87)
	at HelloWord/com.bpi.m4act7.BankAccount.main(BankAccount.java:102)
2026-01-13 17:52:44.004 [main] INFO  com.bpi.m4act7.BankAccount - Withdrawal requested: ₱20000.0
2026-01-13 17:52:44.005 [main] WARN  com.bpi.m4act7.BankAccount - Insufficient funds: ₱12000.0 available, Requested: ₱20000.0
2026-01-13 17:52:44.009 [main] ERROR com.bpi.m4act7.BankAccount - Withdrawal failed: Insufficient funds for withdrawal | Balance: ₱12000.0, Requested: ₱20000.0
com.bpi.m4act7.InsufficientFundsException: Insufficient funds for withdrawal | Balance: ₱12000.0, Requested: ₱20000.0
	at HelloWord/com.bpi.m4act7.BankAccount.withdraw(BankAccount.java:61)
	at HelloWord/com.bpi.m4act7.BankAccount.lambda$3(BankAccount.java:103)
	at HelloWord/com.bpi.m4act7.BankAccount.runTest(BankAccount.java:87)
	at HelloWord/com.bpi.m4act7.BankAccount.main(BankAccount.java:103)
2026-01-13 17:52:44.011 [main] INFO  com.bpi.m4act7.BankAccount - Deposit requested: ₱60000.0
2026-01-13 17:52:44.012 [main] WARN  com.bpi.m4act7.BankAccount - Large deposit detected: ₱60000.0 - requires verification
2026-01-13 17:52:44.012 [main] INFO  com.bpi.m4act7.BankAccount - Deposit completed: ₱60000.0, New balance: ₱72000.0
2026-01-13 17:52:44.012 [main] INFO  com.bpi.m4act7.BankAccount - Deposit succeeded.
2026-01-13 17:52:44.012 [main] INFO  com.bpi.m4act7.BankAccount - Final balance: ₱72000.0
2026-01-13 17:53:29.871 [main] INFO  com.bpi.m4act7.BankAccount - Deposit requested: ₱5000.0
2026-01-13 17:53:29.875 [main] INFO  com.bpi.m4act7.BankAccount - Deposit completed: ₱5000.0, New balance: ₱15000.0
2026-01-13 17:53:29.875 [main] INFO  com.bpi.m4act7.BankAccount - Deposit succeeded.
2026-01-13 17:53:29.877 [main] INFO  com.bpi.m4act7.BankAccount - Withdrawal requested: ₱3000.0
2026-01-13 17:53:29.877 [main] INFO  com.bpi.m4act7.BankAccount - Withdrawal completed: ₱3000.0, New balance: ₱12000.0
2026-01-13 17:53:29.877 [main] INFO  com.bpi.m4act7.BankAccount - Withdrawal succeeded.
2026-01-13 17:53:29.878 [main] INFO  com.bpi.m4act7.BankAccount - Deposit requested: ₱-500.0
2026-01-13 17:53:29.878 [main] ERROR com.bpi.m4act7.BankAccount - Invalid deposit amount: ₱-500.0
2026-01-13 17:53:29.878 [main] ERROR com.bpi.m4act7.BankAccount - Deposit failed: Deposit amount must be positive
com.bpi.m4act7.InvalidAmountException: Deposit amount must be positive
	at HelloWord/com.bpi.m4act7.BankAccount.deposit(BankAccount.java:74)
	at HelloWord/com.bpi.m4act7.BankAccount.lambda$2(BankAccount.java:102)
	at HelloWord/com.bpi.m4act7.BankAccount.runTest(BankAccount.java:87)
	at HelloWord/com.bpi.m4act7.BankAccount.main(BankAccount.java:102)
2026-01-13 17:53:29.880 [main] INFO  com.bpi.m4act7.BankAccount - Withdrawal requested: ₱20000.0
2026-01-13 17:53:29.881 [main] WARN  com.bpi.m4act7.BankAccount - Insufficient funds: ₱12000.0 available, Requested: ₱20000.0
2026-01-13 17:53:29.884 [main] ERROR com.bpi.m4act7.BankAccount - Withdrawal failed: Insufficient funds for withdrawal | Balance: ₱12000.0, Requested: ₱20000.0
com.bpi.m4act7.InsufficientFundsException: Insufficient funds for withdrawal | Balance: ₱12000.0, Requested: ₱20000.0
	at HelloWord/com.bpi.m4act7.BankAccount.withdraw(BankAccount.java:61)
	at HelloWord/com.bpi.m4act7.BankAccount.lambda$3(BankAccount.java:103)
	at HelloWord/com.bpi.m4act7.BankAccount.runTest(BankAccount.java:87)
	at HelloWord/com.bpi.m4act7.BankAccount.main(BankAccount.java:103)
2026-01-13 17:53:29.885 [main] INFO  com.bpi.m4act7.BankAccount - Deposit requested: ₱60000.0
2026-01-13 17:53:29.885 [main] WARN  com.bpi.m4act7.BankAccount - Large deposit detected: ₱60000.0 - requires verification
2026-01-13 17:53:29.885 [main] INFO  com.bpi.m4act7.BankAccount - Deposit completed: ₱60000.0, New balance: ₱72000.0
2026-01-13 17:53:29.885 [main] INFO  com.bpi.m4act7.BankAccount - Deposit succeeded.
2026-01-13 17:53:29.885 [main] INFO  com.bpi.m4act7.BankAccount - Final balance: ₱72000.0
2026-01-13 17:54:09.799 [main] INFO  com.bpi.m4act7.BankAccount - Deposit requested: ₱5000.0
2026-01-13 17:54:09.802 [main] INFO  com.bpi.m4act7.BankAccount - Deposit completed: ₱5000.0, New balance: ₱15000.0
2026-01-13 17:54:09.803 [main] INFO  com.bpi.m4act7.BankAccount - Deposit succeeded.
2026-01-13 17:54:09.803 [main] INFO  com.bpi.m4act7.BankAccount - Withdrawal requested: ₱3000.0
2026-01-13 17:54:09.803 [main] INFO  com.bpi.m4act7.BankAccount - Withdrawal completed: ₱3000.0, New balance: ₱12000.0
2026-01-13 17:54:09.805 [main] INFO  com.bpi.m4act7.BankAccount - Withdrawal succeeded.
2026-01-13 17:54:09.805 [main] INFO  com.bpi.m4act7.BankAccount - Deposit requested: ₱-500.0
2026-01-13 17:54:09.805 [main] ERROR com.bpi.m4act7.BankAccount - Invalid deposit amount: ₱-500.0
2026-01-13 17:54:09.805 [main] ERROR com.bpi.m4act7.BankAccount - Deposit failed: Deposit amount must be positive
com.bpi.m4act7.InvalidAmountException: Deposit amount must be positive
	at HelloWord/com.bpi.m4act7.BankAccount.deposit(BankAccount.java:74)
	at HelloWord/com.bpi.m4act7.BankAccount.lambda$2(BankAccount.java:102)
	at HelloWord/com.bpi.m4act7.BankAccount.runTest(BankAccount.java:87)
	at HelloWord/com.bpi.m4act7.BankAccount.main(BankAccount.java:102)
2026-01-13 17:54:09.807 [main] INFO  com.bpi.m4act7.BankAccount - Withdrawal requested: ₱20000.0
2026-01-13 17:54:09.807 [main] WARN  com.bpi.m4act7.BankAccount - Insufficient funds: ₱12000.0 available, Requested: ₱20000.0
2026-01-13 17:54:09.810 [main] ERROR com.bpi.m4act7.BankAccount - Withdrawal failed: Insufficient funds for withdrawal | Balance: ₱12000.0, Requested: ₱20000.0
com.bpi.m4act7.InsufficientFundsException: Insufficient funds for withdrawal | Balance: ₱12000.0, Requested: ₱20000.0
	at HelloWord/com.bpi.m4act7.BankAccount.withdraw(BankAccount.java:61)
	at HelloWord/com.bpi.m4act7.BankAccount.lambda$3(BankAccount.java:103)
	at HelloWord/com.bpi.m4act7.BankAccount.runTest(BankAccount.java:87)
	at HelloWord/com.bpi.m4act7.BankAccount.main(BankAccount.java:103)
2026-01-13 17:54:09.811 [main] INFO  com.bpi.m4act7.BankAccount - Deposit requested: ₱60000.0
2026-01-13 17:54:09.811 [main] WARN  com.bpi.m4act7.BankAccount - Large deposit detected: ₱60000.0 - requires verification
2026-01-13 17:54:09.811 [main] INFO  com.bpi.m4act7.BankAccount - Deposit completed: ₱60000.0, New balance: ₱72000.0
2026-01-13 17:54:09.812 [main] INFO  com.bpi.m4act7.BankAccount - Deposit succeeded.
2026-01-13 17:54:09.812 [main] INFO  com.bpi.m4act7.BankAccount - Final balance: ₱72000.0
2026-01-13 17:54:21.077 [main] INFO  com.bpi.m4act7.BankAccount - Deposit requested: ₱5000.0
2026-01-13 17:54:21.080 [main] INFO  com.bpi.m4act7.BankAccount - Deposit completed: ₱5000.0, New balance: ₱15000.0
2026-01-13 17:54:21.080 [main] INFO  com.bpi.m4act7.BankAccount - Deposit succeeded.
2026-01-13 17:54:21.082 [main] INFO  com.bpi.m4act7.BankAccount - Withdrawal requested: ₱3000.0
2026-01-13 17:54:21.082 [main] INFO  com.bpi.m4act7.BankAccount - Withdrawal completed: ₱3000.0, New balance: ₱12000.0
2026-01-13 17:54:21.082 [main] INFO  com.bpi.m4act7.BankAccount - Withdrawal succeeded.
2026-01-13 17:54:21.083 [main] INFO  com.bpi.m4act7.BankAccount - Deposit requested: ₱-500.0
2026-01-13 17:54:21.083 [main] ERROR com.bpi.m4act7.BankAccount - Invalid deposit amount: ₱-500.0
2026-01-13 17:54:21.083 [main] ERROR com.bpi.m4act7.BankAccount - Deposit failed: Deposit amount must be positive
com.bpi.m4act7.InvalidAmountException: Deposit amount must be positive
	at HelloWord/com.bpi.m4act7.BankAccount.deposit(BankAccount.java:74)
	at HelloWord/com.bpi.m4act7.BankAccount.lambda$2(BankAccount.java:102)
	at HelloWord/com.bpi.m4act7.BankAccount.runTest(BankAccount.java:87)
	at HelloWord/com.bpi.m4act7.BankAccount.main(BankAccount.java:102)
2026-01-13 17:54:21.085 [main] INFO  com.bpi.m4act7.BankAccount - Withdrawal requested: ₱20000.0
2026-01-13 17:54:21.085 [main] WARN  com.bpi.m4act7.BankAccount - Insufficient funds: ₱12000.0 available, Requested: ₱20000.0
2026-01-13 17:54:21.089 [main] ERROR com.bpi.m4act7.BankAccount - Withdrawal failed: Insufficient funds for withdrawal | Balance: ₱12000.0, Requested: ₱20000.0
com.bpi.m4act7.InsufficientFundsException: Insufficient funds for withdrawal | Balance: ₱12000.0, Requested: ₱20000.0
	at HelloWord/com.bpi.m4act7.BankAccount.withdraw(BankAccount.java:61)
	at HelloWord/com.bpi.m4act7.BankAccount.lambda$3(BankAccount.java:103)
	at HelloWord/com.bpi.m4act7.BankAccount.runTest(BankAccount.java:87)
	at HelloWord/com.bpi.m4act7.BankAccount.main(BankAccount.java:103)
2026-01-13 17:54:21.089 [main] INFO  com.bpi.m4act7.BankAccount - Deposit requested: ₱60000.0
2026-01-13 17:54:21.089 [main] WARN  com.bpi.m4act7.BankAccount - Large deposit detected: ₱60000.0 - requires verification
2026-01-13 17:54:21.089 [main] INFO  com.bpi.m4act7.BankAccount - Deposit completed: ₱60000.0, New balance: ₱72000.0
2026-01-13 17:54:21.089 [main] INFO  com.bpi.m4act7.BankAccount - Deposit succeeded.
2026-01-13 17:54:21.089 [main] INFO  com.bpi.m4act7.BankAccount - Final balance: ₱72000.0
2026-01-13 17:54:39.749 [main] INFO  com.bpi.m4act7.BankAccount - Deposit requested: ₱5000.0
2026-01-13 17:54:39.753 [main] INFO  com.bpi.m4act7.BankAccount - Deposit completed: ₱5000.0, New balance: ₱15000.0
2026-01-13 17:54:39.753 [main] INFO  com.bpi.m4act7.BankAccount - Deposit succeeded.
2026-01-13 17:54:39.754 [main] INFO  com.bpi.m4act7.BankAccount - Withdrawal requested: ₱3000.0
2026-01-13 17:54:39.754 [main] INFO  com.bpi.m4act7.BankAccount - Withdrawal completed: ₱3000.0, New balance: ₱12000.0
2026-01-13 17:54:39.754 [main] INFO  com.bpi.m4act7.BankAccount - Withdrawal succeeded.
2026-01-13 17:54:39.754 [main] INFO  com.bpi.m4act7.BankAccount - Deposit requested: ₱-500.0
2026-01-13 17:54:39.754 [main] ERROR com.bpi.m4act7.BankAccount - Invalid deposit amount: ₱-500.0
2026-01-13 17:54:39.754 [main] ERROR com.bpi.m4act7.BankAccount - Deposit failed: Deposit amount must be positive
com.bpi.m4act7.InvalidAmountException: Deposit amount must be positive
	at HelloWord/com.bpi.m4act7.BankAccount.deposit(BankAccount.java:74)
	at HelloWord/com.bpi.m4act7.BankAccount.lambda$2(BankAccount.java:102)
	at HelloWord/com.bpi.m4act7.BankAccount.runTest(BankAccount.java:87)
	at HelloWord/com.bpi.m4act7.BankAccount.main(BankAccount.java:102)
2026-01-13 17:54:39.757 [main] INFO  com.bpi.m4act7.BankAccount - Withdrawal requested: ₱20000.0
2026-01-13 17:54:39.757 [main] WARN  com.bpi.m4act7.BankAccount - Insufficient funds: ₱12000.0 available, Requested: ₱20000.0
2026-01-13 17:54:39.759 [main] ERROR com.bpi.m4act7.BankAccount - Withdrawal failed: Insufficient funds for withdrawal | Balance: ₱12000.0, Requested: ₱20000.0
com.bpi.m4act7.InsufficientFundsException: Insufficient funds for withdrawal | Balance: ₱12000.0, Requested: ₱20000.0
	at HelloWord/com.bpi.m4act7.BankAccount.withdraw(BankAccount.java:61)
	at HelloWord/com.bpi.m4act7.BankAccount.lambda$3(BankAccount.java:103)
	at HelloWord/com.bpi.m4act7.BankAccount.runTest(BankAccount.java:87)
	at HelloWord/com.bpi.m4act7.BankAccount.main(BankAccount.java:103)
2026-01-13 17:54:39.761 [main] INFO  com.bpi.m4act7.BankAccount - Deposit requested: ₱60000.0
2026-01-13 17:54:39.761 [main] WARN  com.bpi.m4act7.BankAccount - Large deposit detected: ₱60000.0 - requires verification
2026-01-13 17:54:39.761 [main] INFO  com.bpi.m4act7.BankAccount - Deposit completed: ₱60000.0, New balance: ₱72000.0
2026-01-13 17:54:39.761 [main] INFO  com.bpi.m4act7.BankAccount - Deposit succeeded.
2026-01-13 17:54:39.761 [main] INFO  com.bpi.m4act7.BankAccount - Final balance: ₱72000.0
2026-01-13 17:56:31.506 [main] INFO  com.bpi.m4act7.BankAccount - Deposit requested: ₱5000.0
2026-01-13 17:56:31.509 [main] INFO  com.bpi.m4act7.BankAccount - Deposit completed: ₱5000.0, New balance: ₱15000.0
2026-01-13 17:56:31.509 [main] INFO  com.bpi.m4act7.BankAccount - Deposit succeeded.
2026-01-13 17:56:31.509 [main] INFO  com.bpi.m4act7.BankAccount - Withdrawal requested: ₱3000.0
2026-01-13 17:56:31.509 [main] INFO  com.bpi.m4act7.BankAccount - Withdrawal completed: ₱3000.0, New balance: ₱12000.0
2026-01-13 17:56:31.511 [main] INFO  com.bpi.m4act7.BankAccount - Withdrawal succeeded.
2026-01-13 17:56:31.511 [main] INFO  com.bpi.m4act7.BankAccount - Deposit requested: ₱-500.0
2026-01-13 17:56:31.511 [main] ERROR com.bpi.m4act7.BankAccount - Invalid deposit amount: ₱-500.0
2026-01-13 17:56:31.511 [main] ERROR com.bpi.m4act7.BankAccount - Deposit failed: Deposit amount must be positive
com.bpi.m4act7.InvalidAmountException: Deposit amount must be positive
	at HelloWord/com.bpi.m4act7.BankAccount.deposit(BankAccount.java:74)
	at HelloWord/com.bpi.m4act7.BankAccount.lambda$2(BankAccount.java:102)
	at HelloWord/com.bpi.m4act7.BankAccount.runTest(BankAccount.java:87)
	at HelloWord/com.bpi.m4act7.BankAccount.main(BankAccount.java:102)
2026-01-13 17:56:31.513 [main] INFO  com.bpi.m4act7.BankAccount - Withdrawal requested: ₱20000.0
2026-01-13 17:56:31.513 [main] WARN  com.bpi.m4act7.BankAccount - Insufficient funds: ₱12000.0 available, Requested: ₱20000.0
2026-01-13 17:56:31.515 [main] ERROR com.bpi.m4act7.BankAccount - Withdrawal failed: Insufficient funds for withdrawal | Balance: ₱12000.0, Requested: ₱20000.0
com.bpi.m4act7.InsufficientFundsException: Insufficient funds for withdrawal | Balance: ₱12000.0, Requested: ₱20000.0
	at HelloWord/com.bpi.m4act7.BankAccount.withdraw(BankAccount.java:61)
	at HelloWord/com.bpi.m4act7.BankAccount.lambda$3(BankAccount.java:103)
	at HelloWord/com.bpi.m4act7.BankAccount.runTest(BankAccount.java:87)
	at HelloWord/com.bpi.m4act7.BankAccount.main(BankAccount.java:103)
2026-01-13 17:56:31.515 [main] INFO  com.bpi.m4act7.BankAccount - Deposit requested: ₱60000.0
2026-01-13 17:56:31.515 [main] WARN  com.bpi.m4act7.BankAccount - Large deposit detected: ₱60000.0 - requires verification
2026-01-13 17:56:31.516 [main] INFO  com.bpi.m4act7.BankAccount - Deposit completed: ₱60000.0, New balance: ₱72000.0
2026-01-13 17:56:31.516 [main] INFO  com.bpi.m4act7.BankAccount - Deposit succeeded.
2026-01-13 17:56:31.516 [main] INFO  com.bpi.m4act7.BankAccount - Final balance: ₱72000.0
2026-01-13 17:56:49.302 [main] INFO  com.bpi.m4act7.BankAccount - Deposit requested: ₱5000.0
2026-01-13 17:56:49.305 [main] INFO  com.bpi.m4act7.BankAccount - Deposit completed: ₱5000.0, New balance: ₱15000.0
2026-01-13 17:56:49.307 [main] INFO  com.bpi.m4act7.BankAccount - Deposit succeeded.
2026-01-13 17:56:49.307 [main] INFO  com.bpi.m4act7.BankAccount - Withdrawal requested: ₱3000.0
2026-01-13 17:56:49.307 [main] INFO  com.bpi.m4act7.BankAccount - Withdrawal completed: ₱3000.0, New balance: ₱12000.0
2026-01-13 17:56:49.308 [main] INFO  com.bpi.m4act7.BankAccount - Withdrawal succeeded.
2026-01-13 17:56:49.308 [main] INFO  com.bpi.m4act7.BankAccount - Deposit requested: ₱-500.0
2026-01-13 17:56:49.308 [main] ERROR com.bpi.m4act7.BankAccount - Invalid deposit amount: ₱-500.0
2026-01-13 17:56:49.309 [main] ERROR com.bpi.m4act7.BankAccount - Deposit failed: Deposit amount must be positive
com.bpi.m4act7.InvalidAmountException: Deposit amount must be positive
	at HelloWord/com.bpi.m4act7.BankAccount.deposit(BankAccount.java:74)
	at HelloWord/com.bpi.m4act7.BankAccount.lambda$2(BankAccount.java:102)
	at HelloWord/com.bpi.m4act7.BankAccount.runTest(BankAccount.java:87)
	at HelloWord/com.bpi.m4act7.BankAccount.main(BankAccount.java:102)
2026-01-13 17:56:49.312 [main] INFO  com.bpi.m4act7.BankAccount - Withdrawal requested: ₱20000.0
2026-01-13 17:56:49.313 [main] WARN  com.bpi.m4act7.BankAccount - Insufficient funds: ₱12000.0 available, Requested: ₱20000.0
2026-01-13 17:56:49.315 [main] ERROR com.bpi.m4act7.BankAccount - Withdrawal failed: Insufficient funds for withdrawal | Balance: ₱12000.0, Requested: ₱20000.0
com.bpi.m4act7.InsufficientFundsException: Insufficient funds for withdrawal | Balance: ₱12000.0, Requested: ₱20000.0
	at HelloWord/com.bpi.m4act7.BankAccount.withdraw(BankAccount.java:61)
	at HelloWord/com.bpi.m4act7.BankAccount.lambda$3(BankAccount.java:103)
	at HelloWord/com.bpi.m4act7.BankAccount.runTest(BankAccount.java:87)
	at HelloWord/com.bpi.m4act7.BankAccount.main(BankAccount.java:103)
2026-01-13 17:56:49.317 [main] INFO  com.bpi.m4act7.BankAccount - Deposit requested: ₱60000.0
2026-01-13 17:56:49.318 [main] WARN  com.bpi.m4act7.BankAccount - Large deposit detected: ₱60000.0 - requires verification
2026-01-13 17:56:49.318 [main] INFO  com.bpi.m4act7.BankAccount - Deposit completed: ₱60000.0, New balance: ₱72000.0
2026-01-13 17:56:49.318 [main] INFO  com.bpi.m4act7.BankAccount - Deposit succeeded.
2026-01-13 17:56:49.318 [main] INFO  com.bpi.m4act7.BankAccount - Final balance: ₱72000.0
2026-01-13 17:57:33.100 [main] INFO  com.bpi.m4act7.BankAccount - Deposit requested: ₱5000.0
2026-01-13 17:57:33.106 [main] INFO  com.bpi.m4act7.BankAccount - Deposit completed: ₱5000.0, New balance: ₱15000.0
2026-01-13 17:57:33.106 [main] INFO  com.bpi.m4act7.BankAccount - Deposit succeeded.
2026-01-13 17:57:33.107 [main] INFO  com.bpi.m4act7.BankAccount - Withdrawal requested: ₱3000.0
2026-01-13 17:57:33.107 [main] INFO  com.bpi.m4act7.BankAccount - Withdrawal completed: ₱3000.0, New balance: ₱12000.0
2026-01-13 17:57:33.108 [main] INFO  com.bpi.m4act7.BankAccount - Withdrawal succeeded.
2026-01-13 17:57:33.108 [main] INFO  com.bpi.m4act7.BankAccount - Deposit requested: ₱-500.0
2026-01-13 17:57:33.109 [main] ERROR com.bpi.m4act7.BankAccount - Invalid deposit amount: ₱-500.0
2026-01-13 17:57:33.109 [main] ERROR com.bpi.m4act7.BankAccount - Deposit failed: Deposit amount must be positive
com.bpi.m4act7.InvalidAmountException: Deposit amount must be positive
	at HelloWord/com.bpi.m4act7.BankAccount.deposit(BankAccount.java:74)
	at HelloWord/com.bpi.m4act7.BankAccount.lambda$2(BankAccount.java:102)
	at HelloWord/com.bpi.m4act7.BankAccount.runTest(BankAccount.java:87)
	at HelloWord/com.bpi.m4act7.BankAccount.main(BankAccount.java:102)
2026-01-13 17:57:33.113 [main] INFO  com.bpi.m4act7.BankAccount - Withdrawal requested: ₱20000.0
2026-01-13 17:57:33.113 [main] WARN  com.bpi.m4act7.BankAccount - Insufficient funds: ₱12000.0 available, Requested: ₱20000.0
2026-01-13 17:57:33.116 [main] ERROR com.bpi.m4act7.BankAccount - Withdrawal failed: Insufficient funds for withdrawal | Balance: ₱12000.0, Requested: ₱20000.0
com.bpi.m4act7.InsufficientFundsException: Insufficient funds for withdrawal | Balance: ₱12000.0, Requested: ₱20000.0
	at HelloWord/com.bpi.m4act7.BankAccount.withdraw(BankAccount.java:61)
	at HelloWord/com.bpi.m4act7.BankAccount.lambda$3(BankAccount.java:103)
	at HelloWord/com.bpi.m4act7.BankAccount.runTest(BankAccount.java:87)
	at HelloWord/com.bpi.m4act7.BankAccount.main(BankAccount.java:103)
2026-01-13 17:57:33.118 [main] INFO  com.bpi.m4act7.BankAccount - Deposit requested: ₱60000.0
2026-01-13 17:57:33.118 [main] WARN  com.bpi.m4act7.BankAccount - Large deposit detected: ₱60000.0 - requires verification
2026-01-13 17:57:33.118 [main] INFO  com.bpi.m4act7.BankAccount - Deposit completed: ₱60000.0, New balance: ₱72000.0
2026-01-13 17:57:33.118 [main] INFO  com.bpi.m4act7.BankAccount - Deposit succeeded.
2026-01-13 17:57:33.118 [main] INFO  com.bpi.m4act7.BankAccount - Final balance: ₱72000.0
2026-01-13 17:58:06.927 [main] INFO  com.bpi.m4act7.BankAccount - Deposit requested: ₱5000.0
2026-01-13 17:58:06.931 [main] INFO  com.bpi.m4act7.BankAccount - Deposit completed: ₱5000.0, New balance: ₱15000.0
2026-01-13 17:58:06.931 [main] INFO  com.bpi.m4act7.BankAccount - Deposit succeeded.
2026-01-13 17:58:06.931 [main] INFO  com.bpi.m4act7.BankAccount - Withdrawal requested: ₱3000.0
2026-01-13 17:58:06.931 [main] INFO  com.bpi.m4act7.BankAccount - Withdrawal completed: ₱3000.0, New balance: ₱12000.0
2026-01-13 17:58:06.931 [main] INFO  com.bpi.m4act7.BankAccount - Withdrawal succeeded.
2026-01-13 17:58:06.932 [main] INFO  com.bpi.m4act7.BankAccount - Deposit requested: ₱-500.0
2026-01-13 17:58:06.932 [main] ERROR com.bpi.m4act7.BankAccount - Invalid deposit amount: ₱-500.0
2026-01-13 17:58:06.932 [main] ERROR com.bpi.m4act7.BankAccount - Deposit failed: Deposit amount must be positive
com.bpi.m4act7.InvalidAmountException: Deposit amount must be positive
	at HelloWord/com.bpi.m4act7.BankAccount.deposit(BankAccount.java:74)
	at HelloWord/com.bpi.m4act7.BankAccount.lambda$2(BankAccount.java:102)
	at HelloWord/com.bpi.m4act7.BankAccount.runTest(BankAccount.java:87)
	at HelloWord/com.bpi.m4act7.BankAccount.main(BankAccount.java:102)
2026-01-13 17:58:06.934 [main] INFO  com.bpi.m4act7.BankAccount - Withdrawal requested: ₱20000.0
2026-01-13 17:58:06.934 [main] WARN  com.bpi.m4act7.BankAccount - Insufficient funds: ₱12000.0 available, Requested: ₱20000.0
2026-01-13 17:58:06.937 [main] ERROR com.bpi.m4act7.BankAccount - Withdrawal failed: Insufficient funds for withdrawal | Balance: ₱12000.0, Requested: ₱20000.0
com.bpi.m4act7.InsufficientFundsException: Insufficient funds for withdrawal | Balance: ₱12000.0, Requested: ₱20000.0
	at HelloWord/com.bpi.m4act7.BankAccount.withdraw(BankAccount.java:61)
	at HelloWord/com.bpi.m4act7.BankAccount.lambda$3(BankAccount.java:103)
	at HelloWord/com.bpi.m4act7.BankAccount.runTest(BankAccount.java:87)
	at HelloWord/com.bpi.m4act7.BankAccount.main(BankAccount.java:103)
2026-01-13 17:58:06.938 [main] INFO  com.bpi.m4act7.BankAccount - Deposit requested: ₱60000.0
2026-01-13 17:58:06.938 [main] WARN  com.bpi.m4act7.BankAccount - Large deposit detected: ₱60000.0 - requires verification
2026-01-13 17:58:06.938 [main] INFO  com.bpi.m4act7.BankAccount - Deposit completed: ₱60000.0, New balance: ₱72000.0
2026-01-13 17:58:06.938 [main] INFO  com.bpi.m4act7.BankAccount - Deposit succeeded.
2026-01-13 17:58:06.939 [main] INFO  com.bpi.m4act7.BankAccount - Final balance: ₱72000.0
2026-01-13 17:58:11.447 [main] INFO  com.bpi.m4act6.BankAccount - Deposit requested: ₱5000.0
2026-01-13 17:58:11.451 [main] INFO  com.bpi.m4act6.BankAccount - Deposit completed: ₱5000.0, New balance: ₱15000.0
2026-01-13 17:58:11.451 [main] INFO  com.bpi.m4act6.BankAccount - Withdrawal requested: ₱3000.0
2026-01-13 17:58:11.451 [main] INFO  com.bpi.m4act6.BankAccount - Withdrawal completed: ₱3000.0, New balance: ₱12000.0
2026-01-13 17:58:11.452 [main] INFO  com.bpi.m4act6.BankAccount - Deposit requested: ₱-500.0
2026-01-13 17:58:11.452 [main] ERROR com.bpi.m4act6.BankAccount - Invalid deposit amount: ₱-500.0
2026-01-13 17:58:11.453 [main] ERROR com.bpi.m4act6.BankAccount - Deposit failed: Deposit amount must be positive
com.bpi.m4act6.InvalidAmountException: Deposit amount must be positive
	at HelloWord/com.bpi.m4act6.BankAccount.deposit(BankAccount.java:69)
	at HelloWord/com.bpi.m4act6.BankAccount.lambda$2(BankAccount.java:96)
	at HelloWord/com.bpi.m4act6.BankAccount.runTest(BankAccount.java:82)
	at HelloWord/com.bpi.m4act6.BankAccount.main(BankAccount.java:96)
2026-01-13 17:58:11.454 [main] INFO  com.bpi.m4act6.BankAccount - Withdrawal requested: ₱20000.0
2026-01-13 17:58:11.455 [main] WARN  com.bpi.m4act6.BankAccount - Insufficient funds: ₱12000.0 available
2026-01-13 17:58:11.455 [main] ERROR com.bpi.m4act6.BankAccount - Withdrawal failed: Insufficient funds for withdrawal
com.bpi.m4act6.InsufficientFundsException: Insufficient funds for withdrawal
	at HelloWord/com.bpi.m4act6.BankAccount.withdraw(BankAccount.java:56)
	at HelloWord/com.bpi.m4act6.BankAccount.lambda$3(BankAccount.java:97)
	at HelloWord/com.bpi.m4act6.BankAccount.runTest(BankAccount.java:82)
	at HelloWord/com.bpi.m4act6.BankAccount.main(BankAccount.java:97)
2026-01-13 17:58:11.457 [main] INFO  com.bpi.m4act6.BankAccount - Deposit requested: ₱60000.0
2026-01-13 17:58:11.457 [main] WARN  com.bpi.m4act6.BankAccount - Large deposit: ₱60000.0 - requires verification
2026-01-13 17:58:11.457 [main] INFO  com.bpi.m4act6.BankAccount - Deposit completed: ₱60000.0, New balance: ₱72000.0
2026-01-13 17:59:53.264 [main] INFO  com.bpi.m4act7.BankAccount - Deposit requested: ₱5000.0
2026-01-13 17:59:53.270 [main] INFO  com.bpi.m4act7.BankAccount - Deposit completed: ₱5000.0, New balance: ₱15000.0
2026-01-13 17:59:53.270 [main] INFO  com.bpi.m4act7.BankAccount - Deposit succeeded.
2026-01-13 17:59:53.271 [main] INFO  com.bpi.m4act7.BankAccount - Withdrawal requested: ₱3000.0
2026-01-13 17:59:53.271 [main] INFO  com.bpi.m4act7.BankAccount - Withdrawal completed: ₱3000.0, New balance: ₱12000.0
2026-01-13 17:59:53.271 [main] INFO  com.bpi.m4act7.BankAccount - Withdrawal succeeded.
2026-01-13 17:59:53.272 [main] INFO  com.bpi.m4act7.BankAccount - Deposit requested: ₱-500.0
2026-01-13 17:59:53.272 [main] ERROR com.bpi.m4act7.BankAccount - Invalid deposit amount: ₱-500.0
2026-01-13 17:59:53.272 [main] ERROR com.bpi.m4act7.BankAccount - Deposit failed: Deposit amount must be positive
com.bpi.m4act7.InvalidAmountException: Deposit amount must be positive
	at HelloWord/com.bpi.m4act7.BankAccount.deposit(BankAccount.java:74)
	at HelloWord/com.bpi.m4act7.BankAccount.lambda$2(BankAccount.java:102)
	at HelloWord/com.bpi.m4act7.BankAccount.runTest(BankAccount.java:87)
	at HelloWord/com.bpi.m4act7.BankAccount.main(BankAccount.java:102)
2026-01-13 17:59:53.276 [main] INFO  com.bpi.m4act7.BankAccount - Withdrawal requested: ₱20000.0
2026-01-13 17:59:53.277 [main] WARN  com.bpi.m4act7.BankAccount - Insufficient funds: ₱12000.0 available, Requested: ₱20000.0
2026-01-13 17:59:53.279 [main] ERROR com.bpi.m4act7.BankAccount - Withdrawal failed: Insufficient funds for withdrawal | Balance: ₱12000.0, Requested: ₱20000.0
com.bpi.m4act7.InsufficientFundsException: Insufficient funds for withdrawal | Balance: ₱12000.0, Requested: ₱20000.0
	at HelloWord/com.bpi.m4act7.BankAccount.withdraw(BankAccount.java:61)
	at HelloWord/com.bpi.m4act7.BankAccount.lambda$3(BankAccount.java:103)
	at HelloWord/com.bpi.m4act7.BankAccount.runTest(BankAccount.java:87)
	at HelloWord/com.bpi.m4act7.BankAccount.main(BankAccount.java:103)
2026-01-13 17:59:53.281 [main] INFO  com.bpi.m4act7.BankAccount - Deposit requested: ₱60000.0
2026-01-13 17:59:53.281 [main] WARN  com.bpi.m4act7.BankAccount - Large deposit detected: ₱60000.0 - requires verification
2026-01-13 17:59:53.281 [main] INFO  com.bpi.m4act7.BankAccount - Deposit completed: ₱60000.0, New balance: ₱72000.0
2026-01-13 17:59:53.281 [main] INFO  com.bpi.m4act7.BankAccount - Deposit succeeded.
2026-01-13 17:59:53.281 [main] INFO  com.bpi.m4act7.BankAccount - Final balance: ₱72000.0
