2026-01-23 16:44:53.817 INFO com.bpi.m4act8.BankAccount - Starting BankAccount test sequence...
2026-01-23 16:44:53.848 INFO com.bpi.m4act8.BankAccount - Deposit requested: ₱5000.0
2026-01-23 16:44:53.850 INFO com.bpi.m4act8.BankAccount - Deposit completed: ₱5000.0, New balance: ₱15000.0
2026-01-23 16:44:53.850 INFO com.bpi.m4act8.BankAccount - Deposit succeeded.
2026-01-23 16:44:53.851 INFO com.bpi.m4act8.BankAccount - Withdrawal requested: ₱3000.0
2026-01-23 16:44:53.851 INFO com.bpi.m4act8.BankAccount - Withdrawal completed: ₱3000.0, New balance: ₱12000.0
2026-01-23 16:44:53.852 INFO com.bpi.m4act8.BankAccount - Withdrawal succeeded.
2026-01-23 16:44:53.852 INFO com.bpi.m4act8.BankAccount - Deposit requested: ₱-500.0
2026-01-23 16:44:53.853 ERROR com.bpi.m4act8.BankAccount - Invalid deposit amount: ₱-500.0
2026-01-23 16:44:53.853 ERROR com.bpi.m4act8.BankAccount - Deposit failed: Deposit amount must be positive
com.bpi.m4act8.InvalidAmountException: Deposit amount must be positive
	at HelloWord/com.bpi.m4act8.BankAccount.deposit(BankAccount.java:60)
	at HelloWord/com.bpi.m4act8.BankAccount.lambda$2(BankAccount.java:87)
	at HelloWord/com.bpi.m4act8.BankAccount.runTest(BankAccount.java:72)
	at HelloWord/com.bpi.m4act8.BankAccount.main(BankAccount.java:87)
2026-01-23 16:44:53.857 INFO com.bpi.m4act8.BankAccount - Withdrawal requested: ₱20000.0
2026-01-23 16:44:53.857 WARN com.bpi.m4act8.BankAccount - Insufficient funds: ₱12000.0 available, Requested: ₱20000.0
2026-01-23 16:44:53.859 ERROR com.bpi.m4act8.BankAccount - Withdrawal failed: Insufficient funds for withdrawal | Balance: ₱12000.0, Requested: ₱20000.0
com.bpi.m4act8.InsufficientFundsException: Insufficient funds for withdrawal | Balance: ₱12000.0, Requested: ₱20000.0
	at HelloWord/com.bpi.m4act8.BankAccount.withdraw(BankAccount.java:48)
	at HelloWord/com.bpi.m4act8.BankAccount.lambda$3(BankAccount.java:88)
	at HelloWord/com.bpi.m4act8.BankAccount.runTest(BankAccount.java:72)
	at HelloWord/com.bpi.m4act8.BankAccount.main(BankAccount.java:88)
2026-01-23 16:44:53.860 INFO com.bpi.m4act8.BankAccount - Deposit requested: ₱60000.0
2026-01-23 16:44:53.860 WARN com.bpi.m4act8.BankAccount - Large deposit detected: ₱60000.0 - requires verification
2026-01-23 16:44:53.860 INFO com.bpi.m4act8.BankAccount - Deposit completed: ₱60000.0, New balance: ₱72000.0
2026-01-23 16:44:53.862 INFO com.bpi.m4act8.BankAccount - Deposit succeeded.
2026-01-23 16:44:53.862 INFO com.bpi.m4act8.BankAccount - Final balance: ₱72000.0
2026-01-23 16:51:04.156 INFO com.bpi.m4act8.BankAccount - Starting BankAccount test sequence...
2026-01-23 16:51:04.158 INFO com.bpi.m4act8.BankAccount - Deposit requested: ₱5000.0
2026-01-23 16:51:04.161 INFO com.bpi.m4act8.BankAccount - Deposit completed: ₱5000.0, New balance: ₱15000.0
2026-01-23 16:51:04.161 INFO com.bpi.m4act8.BankAccount - Deposit succeeded.
2026-01-23 16:51:04.162 INFO com.bpi.m4act8.BankAccount - Withdrawal requested: ₱3000.0
2026-01-23 16:51:04.162 INFO com.bpi.m4act8.BankAccount - Withdrawal completed: ₱3000.0, New balance: ₱12000.0
2026-01-23 16:51:04.163 INFO com.bpi.m4act8.BankAccount - Withdrawal succeeded.
2026-01-23 16:51:04.163 INFO com.bpi.m4act8.BankAccount - Deposit requested: ₱-500.0
2026-01-23 16:51:04.163 ERROR com.bpi.m4act8.BankAccount - Invalid deposit amount: ₱-500.0
2026-01-23 16:51:04.163 ERROR com.bpi.m4act8.BankAccount - Deposit failed: Deposit amount must be positive
com.bpi.m4act8.InvalidAmountException: Deposit amount must be positive
	at HelloWord/com.bpi.m4act8.BankAccount.deposit(BankAccount.java:60)
	at HelloWord/com.bpi.m4act8.BankAccount.lambda$2(BankAccount.java:87)
	at HelloWord/com.bpi.m4act8.BankAccount.runTest(BankAccount.java:72)
	at HelloWord/com.bpi.m4act8.BankAccount.main(BankAccount.java:87)
2026-01-23 16:51:04.166 INFO com.bpi.m4act8.BankAccount - Withdrawal requested: ₱20000.0
2026-01-23 16:51:04.166 WARN com.bpi.m4act8.BankAccount - Insufficient funds: ₱12000.0 available, Requested: ₱20000.0
2026-01-23 16:51:04.171 ERROR com.bpi.m4act8.BankAccount - Withdrawal failed: Insufficient funds for withdrawal | Balance: ₱12000.0, Requested: ₱20000.0
com.bpi.m4act8.InsufficientFundsException: Insufficient funds for withdrawal | Balance: ₱12000.0, Requested: ₱20000.0
	at HelloWord/com.bpi.m4act8.BankAccount.withdraw(BankAccount.java:48)
	at HelloWord/com.bpi.m4act8.BankAccount.lambda$3(BankAccount.java:88)
	at HelloWord/com.bpi.m4act8.BankAccount.runTest(BankAccount.java:72)
	at HelloWord/com.bpi.m4act8.BankAccount.main(BankAccount.java:88)
2026-01-23 16:51:04.172 INFO com.bpi.m4act8.BankAccount - Deposit requested: ₱60000.0
2026-01-23 16:51:04.173 WARN com.bpi.m4act8.BankAccount - Large deposit detected: ₱60000.0 - requires verification
2026-01-23 16:51:04.174 INFO com.bpi.m4act8.BankAccount - Deposit completed: ₱60000.0, New balance: ₱72000.0
2026-01-23 16:51:04.174 INFO com.bpi.m4act8.BankAccount - Deposit succeeded.
2026-01-23 16:51:04.174 INFO com.bpi.m4act8.BankAccount - Final balance: ₱72000.0
